GPU_GET_INFO_V2 cnt=11 :
  idx=0x11 val=0x0
  idx=0x22 val=0x0
  idx=0x27 val=0x0
  idx=0x2a val=0x0
  idx=0x37 val=0x1
  idx=0x3b val=0x0
  idx=0x3c val=0x0
  idx=0x3d val=0x1
  idx=0x2d val=0x0
  idx=0x3a val=0x0
  idx=0x44 val=0x0
GR_GET_INFO cnt=58 :
  idx=0x0 val=0x1 (1)
  idx=0x1 val=0x0 (0)
  idx=0x2 val=0x0 (0)
  idx=0x3 val=0x200 (512)
  idx=0x4 val=0x0 (0)
  idx=0x5 val=0x10 (16)
  idx=0x6 val=0x0 (0)
  idx=0x7 val=0x3 (3)
  idx=0x8 val=0x1c (28)
  idx=0x9 val=0xe (14)
  idx=0xa val=0x0 (0)
  idx=0xb val=0x0 (0)
  idx=0xc val=0x806 (2054)
  idx=0xd val=0x30 (48)
  idx=0xe val=0x20 (32)
  idx=0xf val=0xa0 (160)
  idx=0x10 val=0xa0 (160)
  idx=0x11 val=0x20 (32)
  idx=0x12 val=0x20 (32)
  idx=0x13 val=0x0 (0)
  idx=0x14 val=0x7 (7)
  idx=0x15 val=0x6 (6)
  idx=0x16 val=0x4 (4)
  idx=0x17 val=0x6 (6)
  idx=0x18 val=0x1 (1)
  idx=0x19 val=0x8 (8)
  idx=0x1a val=0x1 (1)
  idx=0x1b val=0x6 (6)
  idx=0x1c val=0x3 (3)
  idx=0x1d val=0xe00 (3584)
  idx=0x1e val=0x2 (2)
  idx=0x1f val=0x8 (8)
  idx=0x20 val=0x2 (2)
  idx=0x21 val=0x2 (2)
  idx=0x22 val=0x1c (28)
  idx=0x23 val=0x70 (112)
  idx=0x24 val=0x1 (1)
  idx=0x25 val=0xc (12)
  idx=0x26 val=0x8 (8)
  idx=0x27 val=0x1 (1)
  idx=0x28 val=0x2 (2)
  idx=0x29 val=0x2 (2)
  idx=0x2a val=0x8 (8)
  idx=0x2b val=0x1 (1)
  idx=0x2c val=0x40 (64)
  idx=0x2d val=0x2 (2)
  idx=0x2e val=0x40 (64)
  idx=0x2f val=0x0 (0)
  idx=0x30 val=0x0 (0)
  idx=0x31 val=0x0 (0)
  idx=0x32 val=0x4 (4)
  idx=0x33 val=0x0 (0)
  idx=0x34 val=0xf (15)
  idx=0x35 val=0x1 (1)
  idx=0x36 val=0x7 (7)
  idx=0x37 val=0x9 (9)
  idx=0x38 val=0x0 (0)
  idx=0x39 val=0x0 (0)
