##PHASE 1
WAIT_OPEN_COMPLETE fd=9
CARD_INFO fd=9
RM_ALLOC fd=9 hParent=0x0 hObj=0xc1d00182 cls=0x41
RM_CONTROL fd=9 hObject=0xc1d00182 cmd=0x101 sz=40 st=0x0
RM_FREE fd=9
WAIT_OPEN_COMPLETE fd=9
CARD_INFO fd=9
RM_ALLOC fd=9 hParent=0x0 hObj=0xc1d00183 cls=0x41
RM_CONTROL fd=9 hObject=0xc1d00183 cmd=0xd04 sz=12 st=0x0
RM_CONTROL fd=9 hObject=0xc1d00183 cmd=0xd04 sz=12 st=0x0
RM_ALLOC fd=9 hParent=0xc1d00183 hObj=0x5c000001 cls=0xcb33
RM_CONTROL fd=9 hObject=0xc1d00183 cmd=0x1f0 sz=4 st=0x0
OPEN fd=10 /dev/nvidia-uvm
OPEN fd=11 /dev/nvidia-uvm
UVM fd=10 nr=0x1 sz=12288
UVM fd=11 nr=0x4b sz=0
UVM fd=10 nr=0x27 sz=0
RM_CONTROL fd=9 hObject=0xc1d00183 cmd=0x214 sz=384 st=0x0
RM_CONTROL fd=9 hObject=0xc1d00183 cmd=0xa04 sz=2244 st=0x0
RM_CONTROL fd=9 hObject=0xc1d00183 cmd=0x215 sz=132 st=0x0
RM_CONTROL fd=9 hObject=0x5c000001 cmd=0xcb330101 sz=6 st=0x0
RM_CONTROL fd=9 hObject=0xc1d00183 cmd=0x288 sz=3076 st=0x0
RM_CONTROL fd=9 hObject=0xc1d00183 cmd=0x205 sz=32 st=0x0
RM_FREE fd=9
RM_CONTROL fd=9 hObject=0xc1d00183 cmd=0x201 sz=128 st=0x0
RM_CONTROL fd=9 hObject=0xc1d00183 cmd=0x202 sz=40 st=0x0
ESC_0xc9 fd=13 sz=4
ESC_0xd7 fd=13 sz=560
RM_CONTROL fd=9 hObject=0xc1d00183 cmd=0x205 sz=32 st=0x0
RM_ALLOC fd=9 hParent=0xc1d00183 hObj=0x5c000002 cls=0x80
RM_CONTROL fd=9 hObject=0x5c000002 cmd=0x801402 sz=3 st=0x0
RM_CONTROL fd=9 hObject=0x5c000002 cmd=0x800292 sz=804 st=0x0
RM_CONTROL fd=9 hObject=0x5c000002 cmd=0x800280 sz=4 st=0x0
RM_CONTROL fd=9 hObject=0xc1d00183 cmd=0x202 sz=40 st=0x0
RM_CONTROL fd=9 hObject=0xc1d00183 cmd=0x201 sz=128 st=0x0
RM_CONTROL fd=9 hObject=0xc1d00183 cmd=0x202 sz=40 st=0x0
ESC_0xc9 fd=14 sz=4
RM_ALLOC fd=9 hParent=0x5c000002 hObj=0x5c000003 cls=0x2080
RM_ALLOC fd=9 hParent=0x5c000003 hObj=0x5c000004 cls=0x2081
RM_CONTROL fd=9 hObject=0x5c000003 cmd=0x20801303 sz=1028 st=0x0
RM_CONTROL fd=9 hObject=0x5c000003 cmd=0x20801303 sz=1028 st=0x0
RM_CONTROL fd=9 hObject=0x5c000003 cmd=0x2080014a sz=268 st=0x0
RM_CONTROL fd=9 hObject=0x5c000002 cmd=0x800289 sz=8 st=0x0
RM_CONTROL fd=9 hObject=0x5c000004 cmd=0x20810108 sz=992 st=0x0
RM_CONTROL fd=9 hObject=0x5c000003 cmd=0x20801303 sz=1028 st=0x0
RM_CONTROL fd=9 hObject=0x5c000003 cmd=0x20800102 sz=564 st=0x0
RM_CONTROL fd=9 hObject=0x5c000003 cmd=0x20801701 sz=16 st=0x0
RM_CONTROL fd=9 hObject=0x5c000003 cmd=0x20801823 sz=420 st=0x0
RM_CONTROL fd=9 hObject=0x5c000003 cmd=0x20801801 sz=16 st=0x0
RM_CONTROL fd=9 hObject=0x5c000003 cmd=0x20801823 sz=420 st=0x0
RM_CONTROL fd=9 hObject=0x5c000003 cmd=0x20801803 sz=200 st=0x0
RM_CONTROL fd=9 hObject=0x5c000003 cmd=0x2080182a sz=112 st=0x0
RM_CONTROL fd=9 hObject=0x5c000003 cmd=0x2080012f sz=1464 st=0x56
RM_CONTROL fd=9 hObject=0x5c000003 cmd=0x20801303 sz=1028 st=0x0
RM_CONTROL fd=9 hObject=0x5c000003 cmd=0x20800170 sz=340 st=0x0
RM_CONTROL fd=9 hObject=0x5c000003 cmd=0x20800119 sz=4 st=0x0
RM_CONTROL fd=9 hObject=0xc1d00183 cmd=0x27b sz=4 st=0x0
ESC_0xc9 fd=15 sz=4
ESC_0xce fd=15 sz=16
RM_CONTROL fd=9 hObject=0x5c000003 cmd=0x20801201 sz=32 st=0x0
RM_CONTROL fd=9 hObject=0x5c000003 cmd=0x2080122a sz=24 st=0x0
RM_CONTROL fd=9 hObject=0x5c000003 cmd=0x2080122b sz=24 st=0x0
RM_CONTROL fd=9 hObject=0x5c000003 cmd=0x2080122b sz=24 st=0x0
RM_CONTROL fd=9 hObject=0x5c000003 cmd=0x2080122b sz=24 st=0x0
RM_CONTROL fd=9 hObject=0x5c000003 cmd=0x20801227 sz=48 st=0x0
RM_CONTROL fd=9 hObject=0x5c000003 cmd=0x20802a0a sz=136 st=0x0
RM_CONTROL fd=9 hObject=0x5c000003 cmd=0x2080121b sz=9240 st=0x0
RM_CONTROL fd=9 hObject=0x5c000003 cmd=0x20803801 sz=1928 st=0x0
RM_CONTROL fd=9 hObject=0x5c000002 cmd=0x801307 sz=3 st=0x0
RM_CONTROL fd=9 hObject=0x5c000003 cmd=0x20801303 sz=1028 st=0x0
RM_ALLOC fd=9 hParent=0x5c000003 hObj=0x5c000005 cls=0xc461
RM_CONTROL fd=9 hObject=0xc1d00183 cmd=0xd01 sz=12 st=0x0
RM_MAP_MEMORY fd=9
RM_ALLOC fd=9 hParent=0x5c000003 hObj=0x5c000006 cls=0xde
RM_CONTROL fd=9 hObject=0xc1d00183 cmd=0xd01 sz=12 st=0x0
RM_MAP_MEMORY fd=9
RM_CONTROL fd=9 hObject=0x5c000003 cmd=0x20803601 sz=72 st=0x0
RM_ALLOC fd=9 hParent=0x5c000002 hObj=0x5c000007 cls=0x90f1
RM_ALLOC fd=9 hParent=0x5c000002 hObj=0x5c000008 cls=0x90f1
RM_CONTROL fd=9 hObject=0x5c000003 cmd=0x20800111 sz=64 st=0x0
RM_CONTROL fd=9 hObject=0x5c000003 cmd=0x20800110 sz=132 st=0x0
RM_CONTROL fd=9 hObject=0x5c000003 cmd=0x2080014a sz=268 st=0x0
RM_CONTROL fd=9 hObject=0x5c000003 cmd=0x20800131 sz=4 st=0x0
RM_CONTROL fd=9 hObject=0x5c000003 cmd=0x20808159 sz=332 st=0x0
RM_CONTROL fd=9 hObject=0xc1d00183 cmd=0x136 sz=4 st=0x0
RM_CONTROL fd=9 hObject=0x5c000003 cmd=0x2080220c sz=0 st=0x0
RM_CONTROL fd=9 hObject=0x5c000003 cmd=0x20802210 sz=0 st=0x0
RM_CONTROL fd=9 hObject=0xc1d00183 cmd=0x13a sz=1352 st=0x0
RM_CONTROL fd=9 hObject=0x5c000003 cmd=0x20808162 sz=1 st=0x0
RM_CONTROL fd=9 hObject=0x5c000003 cmd=0x2080182b sz=28 st=0x0
RM_CONTROL fd=9 hObject=0x5c000003 cmd=0x20803002 sz=13344 st=0x0
UVM fd=10 nr=0x25 sz=0
UVM fd=10 nr=0x46 sz=0
UVM fd=10 nr=0x17 sz=0
RM_ALLOC fd=9 hParent=0x5c000002 hObj=0x5c00000a cls=0x50a0
##PHASE 101
RM_CONTROL fd=9 hObject=0x5c000003 cmd=0x20800110 sz=132 st=0x0
##PHASE 2
RM_CONTROL fd=9 hObject=0x5c000003 cmd=0x20803601 sz=72 st=0x0
RM_CONTROL fd=9 hObject=0x5c000003 cmd=0x2080200a sz=8 st=0x0
RM_CONTROL fd=9 hObject=0x5c000003 cmd=0x20800145 sz=0 st=0x0
UVM fd=10 nr=0x19 sz=0
RM_ALLOC fd=9 hParent=0x5c000002 hObj=0x5c00000b cls=0x40
UVM fd=10 nr=0x49 sz=0
UVM fd=10 nr=0x21 sz=0
RM_ALLOC fd=9 hParent=0x5c000002 hObj=0x5c00000e cls=0x40
UVM fd=10 nr=0x49 sz=0
UVM fd=10 nr=0x21 sz=0
RM_ALLOC fd=9 hParent=0x5c000002 hObj=0x5c00000f cls=0x40
UVM fd=10 nr=0x49 sz=0
UVM fd=10 nr=0x21 sz=0
RM_ALLOC fd=9 hParent=0x5c000002 hObj=0x5c000010 cls=0x40
UVM fd=10 nr=0x49 sz=0
UVM fd=10 nr=0x21 sz=0
RM_ALLOC fd=9 hParent=0x5c000002 hObj=0x5c000012 cls=0xa06c
RM_ALLOC fd=9 hParent=0x5c000012 hObj=0x5c000013 cls=0x9067
RM_ALLOC fd=9 hParent=0x5c000002 hObj=0x5c000014 cls=0x40
RM_CONTROL fd=9 hObject=0xc1d00183 cmd=0xd01 sz=12 st=0x0
RM_MAP_MEMORY fd=9
ESC_0x5e fd=9 sz=40
UVM fd=10 nr=0x49 sz=0
UVM fd=10 nr=0x21 sz=0
RM_ALLOC fd=9 hParent=0x5c000002 hObj=0x5c000016 cls=0x3e
RM_CONTROL fd=9 hObject=0xc1d00183 cmd=0xd01 sz=12 st=0x0
RM_MAP_MEMORY fd=9
UVM fd=10 nr=0x49 sz=0
UVM fd=10 nr=0x21 sz=0
RM_ALLOC fd=9 hParent=0x5c000002 hObj=0x5c000018 cls=0x3e
RM_CONTROL fd=9 hObject=0xc1d00183 cmd=0xd01 sz=12 st=0x0
RM_MAP_MEMORY fd=9
RM_ALLOC fd=9 hParent=0x5c000012 hObj=0x5c000019 cls=0xc56f
RM_CONTROL fd=9 hObject=0x5c000002 cmd=0x80170d sz=24 st=0x0
RM_ALLOC fd=9 hParent=0x5c000019 hObj=0x5c00001a cls=0xc7c0
RM_CONTROL fd=9 hObject=0x5c000019 cmd=0x906f0101 sz=16 st=0x0
RM_ALLOC fd=9 hParent=0x5c000019 hObj=0x5c00001b cls=0xc7b5
RM_CONTROL fd=9 hObject=0x5c000019 cmd=0x906f0101 sz=16 st=0x0
RM_CONTROL fd=9 hObject=0x5c000019 cmd=0xc36f0108 sz=4 st=0x0
RM_CONTROL fd=9 hObject=0x5c000003 cmd=0x20801218 sz=16 st=0x0
RM_ALLOC fd=9 hParent=0x5c000002 hObj=0x5c00001c cls=0x3e
RM_CONTROL fd=9 hObject=0xc1d00183 cmd=0xd01 sz=12 st=0x0
RM_MAP_MEMORY fd=9
UVM fd=10 nr=0x49 sz=0
UVM fd=10 nr=0x21 sz=0
RM_ALLOC fd=9 hParent=0x5c000002 hObj=0x5c00001e cls=0x3e
RM_CONTROL fd=9 hObject=0xc1d00183 cmd=0xd01 sz=12 st=0x0
RM_MAP_MEMORY fd=9
RM_ALLOC fd=9 hParent=0x5c000012 hObj=0x5c00001f cls=0xc56f
RM_CONTROL fd=9 hObject=0x5c000002 cmd=0x80170d sz=24 st=0x0
RM_ALLOC fd=9 hParent=0x5c00001f hObj=0x5c000020 cls=0xc7c0
RM_CONTROL fd=9 hObject=0x5c00001f cmd=0x906f0101 sz=16 st=0x0
RM_ALLOC fd=9 hParent=0x5c00001f hObj=0x5c000021 cls=0xc7b5
RM_CONTROL fd=9 hObject=0x5c00001f cmd=0x906f0101 sz=16 st=0x0
RM_CONTROL fd=9 hObject=0x5c00001f cmd=0xc36f0108 sz=4 st=0x0
RM_CONTROL fd=9 hObject=0x5c000003 cmd=0x20801218 sz=16 st=0x0
RM_ALLOC fd=9 hParent=0x5c000002 hObj=0x5c000022 cls=0x3e
RM_CONTROL fd=9 hObject=0xc1d00183 cmd=0xd01 sz=12 st=0x0
RM_MAP_MEMORY fd=9
RM_ALLOC fd=9 hParent=0x5c000012 hObj=0x5c000023 cls=0xc56f
RM_CONTROL fd=9 hObject=0x5c000002 cmd=0x80170d sz=24 st=0x0
RM_ALLOC fd=9 hParent=0x5c000023 hObj=0x5c000024 cls=0xc7c0
RM_CONTROL fd=9 hObject=0x5c000023 cmd=0x906f0101 sz=16 st=0x0
RM_ALLOC fd=9 hParent=0x5c000023 hObj=0x5c000025 cls=0xc7b5
RM_CONTROL fd=9 hObject=0x5c000023 cmd=0x906f0101 sz=16 st=0x0
RM_CONTROL fd=9 hObject=0x5c000023 cmd=0xc36f0108 sz=4 st=0x0
RM_CONTROL fd=9 hObject=0x5c000003 cmd=0x20801218 sz=16 st=0x0
RM_ALLOC fd=9 hParent=0x5c000002 hObj=0x5c000026 cls=0x3e
RM_CONTROL fd=9 hObject=0xc1d00183 cmd=0xd01 sz=12 st=0x0
RM_MAP_MEMORY fd=9
RM_ALLOC fd=9 hParent=0x5c000012 hObj=0x5c000027 cls=0xc56f
RM_CONTROL fd=9 hObject=0x5c000002 cmd=0x80170d sz=24 st=0x0
RM_ALLOC fd=9 hParent=0x5c000027 hObj=0x5c000028 cls=0xc7c0
RM_CONTROL fd=9 hObject=0x5c000027 cmd=0x906f0101 sz=16 st=0x0
RM_ALLOC fd=9 hParent=0x5c000027 hObj=0x5c000029 cls=0xc7b5
RM_CONTROL fd=9 hObject=0x5c000027 cmd=0x906f0101 sz=16 st=0x0
RM_CONTROL fd=9 hObject=0x5c000027 cmd=0xc36f0108 sz=4 st=0x0
RM_CONTROL fd=9 hObject=0x5c000003 cmd=0x20801218 sz=16 st=0x0
RM_ALLOC fd=9 hParent=0x5c000002 hObj=0x5c00002a cls=0x3e
RM_CONTROL fd=9 hObject=0xc1d00183 cmd=0xd01 sz=12 st=0x0
RM_MAP_MEMORY fd=9
RM_ALLOC fd=9 hParent=0x5c000012 hObj=0x5c00002b cls=0xc56f
RM_CONTROL fd=9 hObject=0x5c000002 cmd=0x80170d sz=24 st=0x0
RM_ALLOC fd=9 hParent=0x5c00002b hObj=0x5c00002c cls=0xc7c0
RM_CONTROL fd=9 hObject=0x5c00002b cmd=0x906f0101 sz=16 st=0x0
RM_ALLOC fd=9 hParent=0x5c00002b hObj=0x5c00002d cls=0xc7b5
RM_CONTROL fd=9 hObject=0x5c00002b cmd=0x906f0101 sz=16 st=0x0
RM_CONTROL fd=9 hObject=0x5c00002b cmd=0xc36f0108 sz=4 st=0x0
RM_CONTROL fd=9 hObject=0x5c000003 cmd=0x20801218 sz=16 st=0x0
RM_ALLOC fd=9 hParent=0x5c000002 hObj=0x5c00002e cls=0x3e
RM_CONTROL fd=9 hObject=0xc1d00183 cmd=0xd01 sz=12 st=0x0
RM_MAP_MEMORY fd=9
RM_ALLOC fd=9 hParent=0x5c000012 hObj=0x5c00002f cls=0xc56f
RM_CONTROL fd=9 hObject=0x5c000002 cmd=0x80170d sz=24 st=0x0
RM_ALLOC fd=9 hParent=0x5c00002f hObj=0x5c000030 cls=0xc7c0
RM_CONTROL fd=9 hObject=0x5c00002f cmd=0x906f0101 sz=16 st=0x0
RM_ALLOC fd=9 hParent=0x5c00002f hObj=0x5c000031 cls=0xc7b5
RM_CONTROL fd=9 hObject=0x5c00002f cmd=0x906f0101 sz=16 st=0x0
RM_CONTROL fd=9 hObject=0x5c00002f cmd=0xc36f0108 sz=4 st=0x0
RM_CONTROL fd=9 hObject=0x5c000003 cmd=0x20801218 sz=16 st=0x0
RM_ALLOC fd=9 hParent=0x5c000002 hObj=0x5c000032 cls=0x3e
RM_CONTROL fd=9 hObject=0xc1d00183 cmd=0xd01 sz=12 st=0x0
RM_MAP_MEMORY fd=9
RM_ALLOC fd=9 hParent=0x5c000012 hObj=0x5c000033 cls=0xc56f
RM_CONTROL fd=9 hObject=0x5c000002 cmd=0x80170d sz=24 st=0x0
RM_ALLOC fd=9 hParent=0x5c000033 hObj=0x5c000034 cls=0xc7c0
RM_CONTROL fd=9 hObject=0x5c000033 cmd=0x906f0101 sz=16 st=0x0
RM_ALLOC fd=9 hParent=0x5c000033 hObj=0x5c000035 cls=0xc7b5
RM_CONTROL fd=9 hObject=0x5c000033 cmd=0x906f0101 sz=16 st=0x0
RM_CONTROL fd=9 hObject=0x5c000033 cmd=0xc36f0108 sz=4 st=0x0
RM_CONTROL fd=9 hObject=0x5c000003 cmd=0x20801218 sz=16 st=0x0
RM_ALLOC fd=9 hParent=0x5c000002 hObj=0x5c000036 cls=0x3e
RM_CONTROL fd=9 hObject=0xc1d00183 cmd=0xd01 sz=12 st=0x0
RM_MAP_MEMORY fd=9
RM_ALLOC fd=9 hParent=0x5c000012 hObj=0x5c000037 cls=0xc56f
RM_CONTROL fd=9 hObject=0x5c000002 cmd=0x80170d sz=24 st=0x0
RM_ALLOC fd=9 hParent=0x5c000037 hObj=0x5c000038 cls=0xc7c0
RM_CONTROL fd=9 hObject=0x5c000037 cmd=0x906f0101 sz=16 st=0x0
RM_ALLOC fd=9 hParent=0x5c000037 hObj=0x5c000039 cls=0xc7b5
RM_CONTROL fd=9 hObject=0x5c000037 cmd=0x906f0101 sz=16 st=0x0
RM_CONTROL fd=9 hObject=0x5c000037 cmd=0xc36f0108 sz=4 st=0x0
RM_CONTROL fd=9 hObject=0x5c000003 cmd=0x20801218 sz=16 st=0x0
UVM fd=10 nr=0x1b sz=0
UVM fd=10 nr=0x1b sz=0
UVM fd=10 nr=0x1b sz=0
UVM fd=10 nr=0x1b sz=0
UVM fd=10 nr=0x1b sz=0
UVM fd=10 nr=0x1b sz=0
UVM fd=10 nr=0x1b sz=0
UVM fd=10 nr=0x1b sz=0
RM_CONTROL fd=9 hObject=0x5c000012 cmd=0xa06c0101 sz=3 st=0x0
ESC_0xc9 fd=18 sz=4
ESC_0xce fd=18 sz=16
RM_ALLOC fd=18 hParent=0x5c000003 hObj=0x5c00003a cls=0x79
RM_ALLOC fd=9 hParent=0x5c000002 hObj=0x5c00003b cls=0xa06c
RM_ALLOC fd=9 hParent=0x5c000002 hObj=0x5c00003c cls=0x3e
RM_CONTROL fd=9 hObject=0xc1d00183 cmd=0xd01 sz=12 st=0x0
RM_MAP_MEMORY fd=9
RM_ALLOC fd=9 hParent=0x5c00003b hObj=0x5c00003d cls=0xc56f
RM_CONTROL fd=9 hObject=0x5c000002 cmd=0x80170d sz=24 st=0x0
RM_ALLOC fd=9 hParent=0x5c00003d hObj=0x5c00003e cls=0xc7b5
RM_CONTROL fd=9 hObject=0x5c00003d cmd=0x906f0101 sz=16 st=0x0
RM_CONTROL fd=9 hObject=0x5c00003d cmd=0xc36f0108 sz=4 st=0x0
RM_ALLOC fd=9 hParent=0x5c000002 hObj=0x5c00003f cls=0x3e
RM_CONTROL fd=9 hObject=0xc1d00183 cmd=0xd01 sz=12 st=0x0
RM_MAP_MEMORY fd=9
RM_ALLOC fd=9 hParent=0x5c00003b hObj=0x5c000040 cls=0xc56f
RM_CONTROL fd=9 hObject=0x5c000002 cmd=0x80170d sz=24 st=0x0
RM_ALLOC fd=9 hParent=0x5c000040 hObj=0x5c000041 cls=0xc7b5
RM_CONTROL fd=9 hObject=0x5c000040 cmd=0x906f0101 sz=16 st=0x0
RM_CONTROL fd=9 hObject=0x5c000040 cmd=0xc36f0108 sz=4 st=0x0
RM_ALLOC fd=9 hParent=0x5c000002 hObj=0x5c000042 cls=0x3e
RM_CONTROL fd=9 hObject=0xc1d00183 cmd=0xd01 sz=12 st=0x0
RM_MAP_MEMORY fd=9
RM_ALLOC fd=9 hParent=0x5c00003b hObj=0x5c000043 cls=0xc56f
RM_CONTROL fd=9 hObject=0x5c000002 cmd=0x80170d sz=24 st=0x0
RM_ALLOC fd=9 hParent=0x5c000043 hObj=0x5c000044 cls=0xc7b5
RM_CONTROL fd=9 hObject=0x5c000043 cmd=0x906f0101 sz=16 st=0x0
RM_CONTROL fd=9 hObject=0x5c000043 cmd=0xc36f0108 sz=4 st=0x0
RM_ALLOC fd=9 hParent=0x5c000002 hObj=0x5c000045 cls=0x3e
RM_CONTROL fd=9 hObject=0xc1d00183 cmd=0xd01 sz=12 st=0x0
RM_MAP_MEMORY fd=9
RM_ALLOC fd=9 hParent=0x5c00003b hObj=0x5c000046 cls=0xc56f
RM_CONTROL fd=9 hObject=0x5c000002 cmd=0x80170d sz=24 st=0x0
RM_ALLOC fd=9 hParent=0x5c000046 hObj=0x5c000047 cls=0xc7b5
RM_CONTROL fd=9 hObject=0x5c000046 cmd=0x906f0101 sz=16 st=0x0
RM_CONTROL fd=9 hObject=0x5c000046 cmd=0xc36f0108 sz=4 st=0x0
UVM fd=10 nr=0x1b sz=0
UVM fd=10 nr=0x1b sz=0
UVM fd=10 nr=0x1b sz=0
UVM fd=10 nr=0x1b sz=0
RM_CONTROL fd=9 hObject=0x5c00003b cmd=0xa06c0101 sz=3 st=0x0
ESC_0xc9 fd=20 sz=4
ESC_0xce fd=20 sz=16
RM_ALLOC fd=20 hParent=0x5c000003 hObj=0x5c000048 cls=0x79
RM_ALLOC fd=9 hParent=0x5c000002 hObj=0x5c000049 cls=0xa06c
RM_ALLOC fd=9 hParent=0x5c000002 hObj=0x5c00004a cls=0x3e
RM_CONTROL fd=9 hObject=0xc1d00183 cmd=0xd01 sz=12 st=0x0
RM_MAP_MEMORY fd=9
RM_ALLOC fd=9 hParent=0x5c000049 hObj=0x5c00004b cls=0xc56f
RM_CONTROL fd=9 hObject=0x5c000002 cmd=0x80170d sz=24 st=0x0
RM_ALLOC fd=9 hParent=0x5c00004b hObj=0x5c00004c cls=0xc7b5
RM_CONTROL fd=9 hObject=0x5c00004b cmd=0x906f0101 sz=16 st=0x0
RM_CONTROL fd=9 hObject=0x5c00004b cmd=0xc36f0108 sz=4 st=0x0
RM_ALLOC fd=9 hParent=0x5c000002 hObj=0x5c00004d cls=0x3e
RM_CONTROL fd=9 hObject=0xc1d00183 cmd=0xd01 sz=12 st=0x0
RM_MAP_MEMORY fd=9
RM_ALLOC fd=9 hParent=0x5c000049 hObj=0x5c00004e cls=0xc56f
RM_CONTROL fd=9 hObject=0x5c000002 cmd=0x80170d sz=24 st=0x0
RM_ALLOC fd=9 hParent=0x5c00004e hObj=0x5c00004f cls=0xc7b5
RM_CONTROL fd=9 hObject=0x5c00004e cmd=0x906f0101 sz=16 st=0x0
RM_CONTROL fd=9 hObject=0x5c00004e cmd=0xc36f0108 sz=4 st=0x0
RM_ALLOC fd=9 hParent=0x5c000002 hObj=0x5c000050 cls=0x3e
RM_CONTROL fd=9 hObject=0xc1d00183 cmd=0xd01 sz=12 st=0x0
RM_MAP_MEMORY fd=9
RM_ALLOC fd=9 hParent=0x5c000049 hObj=0x5c000051 cls=0xc56f
RM_CONTROL fd=9 hObject=0x5c000002 cmd=0x80170d sz=24 st=0x0
RM_ALLOC fd=9 hParent=0x5c000051 hObj=0x5c000052 cls=0xc7b5
RM_CONTROL fd=9 hObject=0x5c000051 cmd=0x906f0101 sz=16 st=0x0
RM_CONTROL fd=9 hObject=0x5c000051 cmd=0xc36f0108 sz=4 st=0x0
RM_ALLOC fd=9 hParent=0x5c000002 hObj=0x5c000053 cls=0x3e
RM_CONTROL fd=9 hObject=0xc1d00183 cmd=0xd01 sz=12 st=0x0
RM_MAP_MEMORY fd=9
RM_ALLOC fd=9 hParent=0x5c000049 hObj=0x5c000054 cls=0xc56f
RM_CONTROL fd=9 hObject=0x5c000002 cmd=0x80170d sz=24 st=0x0
RM_ALLOC fd=9 hParent=0x5c000054 hObj=0x5c000055 cls=0xc7b5
RM_CONTROL fd=9 hObject=0x5c000054 cmd=0x906f0101 sz=16 st=0x0
RM_CONTROL fd=9 hObject=0x5c000054 cmd=0xc36f0108 sz=4 st=0x0
UVM fd=10 nr=0x1b sz=0
UVM fd=10 nr=0x1b sz=0
UVM fd=10 nr=0x1b sz=0
UVM fd=10 nr=0x1b sz=0
RM_CONTROL fd=9 hObject=0x5c000049 cmd=0xa06c0101 sz=3 st=0x0
ESC_0xc9 fd=22 sz=4
ESC_0xce fd=22 sz=16
RM_ALLOC fd=22 hParent=0x5c000003 hObj=0x5c000056 cls=0x79
RM_ALLOC fd=9 hParent=0x5c000002 hObj=0x5c000057 cls=0x3e
RM_CONTROL fd=9 hObject=0xc1d00183 cmd=0xd01 sz=12 st=0x0
RM_MAP_MEMORY fd=9
UVM fd=10 nr=0x49 sz=0
UVM fd=10 nr=0x21 sz=0
RM_ALLOC fd=9 hParent=0x5c000002 hObj=0x5c000059 cls=0x40
UVM fd=10 nr=0x49 sz=0
UVM fd=10 nr=0x21 sz=0
UVM fd=10 nr=0x44 sz=0
UVM fd=10 nr=0x48 sz=0
UVM fd=10 nr=0x17 sz=0
UVM fd=10 nr=0x17 sz=0
UVM fd=10 nr=0x17 sz=0
UVM fd=10 nr=0x17 sz=0
UVM fd=10 nr=0x17 sz=0
UVM fd=10 nr=0x17 sz=0
UVM fd=10 nr=0x17 sz=0
RM_ALLOC fd=9 hParent=0x5c000002 hObj=0x5c00005b cls=0x3e
RM_CONTROL fd=9 hObject=0xc1d00183 cmd=0xd01 sz=12 st=0x0
RM_MAP_MEMORY fd=9
UVM fd=10 nr=0x49 sz=0
UVM fd=10 nr=0x21 sz=0
ESC_0x27 fd=13 sz=56
UVM fd=10 nr=0x49 sz=0
UVM fd=10 nr=0x21 sz=0
RM_ALLOC fd=9 hParent=0x5c000002 hObj=0x5c00005f cls=0x40
UVM fd=10 nr=0x49 sz=0
UVM fd=10 nr=0x21 sz=0
RM_ALLOC fd=9 hParent=0x5c000002 hObj=0x5c000061 cls=0x40
UVM fd=10 nr=0x49 sz=0
UVM fd=10 nr=0x21 sz=0
ESC_0x27 fd=13 sz=56
UVM fd=10 nr=0x49 sz=0
UVM fd=10 nr=0x21 sz=0
RM_ALLOC fd=9 hParent=0x5c000002 hObj=0x5c000065 cls=0x40
UVM fd=10 nr=0x49 sz=0
UVM fd=10 nr=0x21 sz=0
UVM fd=10 nr=0x41 sz=0
ESC_0x27 fd=13 sz=56
UVM fd=10 nr=0x49 sz=0
UVM fd=10 nr=0x21 sz=0
RM_ALLOC fd=9 hParent=0x5c000002 hObj=0x5c00006a cls=0x40
UVM fd=10 nr=0x49 sz=0
UVM fd=10 nr=0x21 sz=0
RM_ALLOC fd=9 hParent=0x5c000002 hObj=0x5c00006c cls=0x3e
RM_CONTROL fd=9 hObject=0xc1d00183 cmd=0xd01 sz=12 st=0x0
RM_MAP_MEMORY fd=9
UVM fd=10 nr=0x49 sz=0
UVM fd=10 nr=0x21 sz=0
RM_ALLOC fd=9 hParent=0x5c000002 hObj=0x5c00006e cls=0x40
UVM fd=10 nr=0x49 sz=0
UVM fd=10 nr=0x21 sz=0
ESC_0x27 fd=13 sz=56
UVM fd=10 nr=0x49 sz=0
UVM fd=10 nr=0x21 sz=0
RM_ALLOC fd=9 hParent=0x5c000002 hObj=0x5c000072 cls=0x83de
RM_ALLOC fd=9 hParent=0x5c000002 hObj=0x5c000073 cls=0x3e
RM_CONTROL fd=9 hObject=0xc1d00183 cmd=0xd01 sz=12 st=0x0
RM_MAP_MEMORY fd=9
UVM fd=10 nr=0x49 sz=0
UVM fd=10 nr=0x21 sz=0
RM_ALLOC fd=9 hParent=0x5c000002 hObj=0x5c000075 cls=0x40
UVM fd=10 nr=0x49 sz=0
UVM fd=10 nr=0x21 sz=0
RM_ALLOC fd=9 hParent=0x5c000002 hObj=0x5c000077 cls=0x40
UVM fd=10 nr=0x49 sz=0
UVM fd=10 nr=0x21 sz=0
ESC_0xc9 fd=25 sz=4
ESC_0xce fd=25 sz=16
RM_ALLOC fd=25 hParent=0x5c00001a hObj=0x5c000079 cls=0x79
ESC_0xc9 fd=27 sz=4
ESC_0xce fd=27 sz=16
RM_ALLOC fd=27 hParent=0x5c00001a hObj=0x5c00007a cls=0x79
ESC_0xc9 fd=29 sz=4
ESC_0xce fd=29 sz=16
RM_ALLOC fd=29 hParent=0x5c00001a hObj=0x5c00007b cls=0x79
ESC_0xc9 fd=31 sz=4
ESC_0xce fd=31 sz=16
RM_ALLOC fd=31 hParent=0x5c00001a hObj=0x5c00007c cls=0x79
RM_CONTROL fd=9 hObject=0x5c000072 cmd=0x83de0309 sz=4 st=0x0
RM_CONTROL fd=9 hObject=0x5c000003 cmd=0x20801210 sz=32 st=0x0
RM_CONTROL fd=9 hObject=0x5c000012 cmd=0xa06c0103 sz=8 st=0x0
RM_ALLOC fd=9 hParent=0x5c000002 hObj=0x5c00007d cls=0x40
UVM fd=10 nr=0x49 sz=0
UVM fd=10 nr=0x21 sz=0
RM_CONTROL fd=9 hObject=0x5c000002 cmd=0x801909 sz=1 st=0x0
##PHASE 102
##PHASE 3
RM_ALLOC fd=9 hParent=0x5c000002 hObj=0x5c00007f cls=0x40
UVM fd=10 nr=0x49 sz=0
UVM fd=10 nr=0x21 sz=0
RM_ALLOC fd=9 hParent=0x5c000002 hObj=0x5c000081 cls=0x40
UVM fd=10 nr=0x49 sz=0
UVM fd=10 nr=0x21 sz=0
RM_ALLOC fd=9 hParent=0x5c000002 hObj=0x5c000083 cls=0x40
UVM fd=10 nr=0x49 sz=0
UVM fd=10 nr=0x21 sz=0
##PHASE 103
##PHASE 4
##PHASE 104
##PHASE 5
RM_CONTROL fd=9 hObject=0x5c000003 cmd=0x20800110 sz=132 st=0x0
RM_CONTROL fd=9 hObject=0x5c000003 cmd=0x20802209 sz=4 st=0x0
RM_CONTROL fd=9 hObject=0x5c000003 cmd=0x20809009 sz=8 st=0x0
RM_CONTROL fd=9 hObject=0x5c000003 cmd=0x20809064 sz=520 st=0x0
RM_CONTROL fd=9 hObject=0x5c000003 cmd=0x20809001 sz=8 st=0x0
RM_CONTROL fd=9 hObject=0x5c000003 cmd=0x2080a084 sz=4 st=0x0
RM_CONTROL fd=9 hObject=0x5c000003 cmd=0x2080a026 sz=532 st=0x0
RM_CONTROL fd=9 hObject=0x5c000003 cmd=0x20809009 sz=8 st=0x0
RM_CONTROL fd=9 hObject=0x5c000003 cmd=0x20809064 sz=520 st=0x0
RM_CONTROL fd=9 hObject=0x5c000003 cmd=0x20809001 sz=8 st=0x0
RM_CONTROL fd=9 hObject=0x5c000003 cmd=0x2080a084 sz=4 st=0x0
RM_CONTROL fd=9 hObject=0x5c000003 cmd=0x2080a026 sz=532 st=0x0
RM_ALLOC fd=9 hParent=0x5c000002 hObj=0x5c000085 cls=0x40
UVM fd=10 nr=0x49 sz=0
UVM fd=10 nr=0x21 sz=0
RM_ALLOC fd=9 hParent=0x5c000002 hObj=0x5c000087 cls=0x40
UVM fd=10 nr=0x49 sz=0
UVM fd=10 nr=0x21 sz=0
RM_ALLOC fd=9 hParent=0x5c000002 hObj=0x5c000089 cls=0x40
UVM fd=10 nr=0x49 sz=0
UVM fd=10 nr=0x21 sz=0
RM_ALLOC fd=9 hParent=0x5c000002 hObj=0x5c00008b cls=0x40
UVM fd=10 nr=0x49 sz=0
UVM fd=10 nr=0x21 sz=0
RM_ALLOC fd=9 hParent=0x5c000002 hObj=0x5c00008d cls=0x40
UVM fd=10 nr=0x49 sz=0
UVM fd=10 nr=0x21 sz=0
RM_ALLOC fd=9 hParent=0x5c000002 hObj=0x5c00008f cls=0x40
UVM fd=10 nr=0x49 sz=0
UVM fd=10 nr=0x21 sz=0
RM_ALLOC fd=9 hParent=0x5c000002 hObj=0x5c000091 cls=0x40
UVM fd=10 nr=0x49 sz=0
UVM fd=10 nr=0x21 sz=0
RM_ALLOC fd=9 hParent=0x5c000002 hObj=0x5c000093 cls=0x40
UVM fd=10 nr=0x49 sz=0
UVM fd=10 nr=0x21 sz=0
RM_ALLOC fd=9 hParent=0x5c000002 hObj=0x5c000095 cls=0x40
UVM fd=10 nr=0x49 sz=0
UVM fd=10 nr=0x21 sz=0
RM_ALLOC fd=9 hParent=0x5c000002 hObj=0x5c000097 cls=0x40
UVM fd=10 nr=0x49 sz=0
UVM fd=10 nr=0x21 sz=0
RM_ALLOC fd=9 hParent=0x5c000002 hObj=0x5c000099 cls=0x40
UVM fd=10 nr=0x49 sz=0
UVM fd=10 nr=0x21 sz=0
RM_ALLOC fd=9 hParent=0x5c000002 hObj=0x5c00009b cls=0x40
UVM fd=10 nr=0x49 sz=0
UVM fd=10 nr=0x21 sz=0
RM_ALLOC fd=9 hParent=0x5c000002 hObj=0x5c00009d cls=0x40
UVM fd=10 nr=0x49 sz=0
UVM fd=10 nr=0x21 sz=0
RM_ALLOC fd=9 hParent=0x5c000002 hObj=0x5c00009f cls=0x40
UVM fd=10 nr=0x49 sz=0
UVM fd=10 nr=0x21 sz=0
RM_ALLOC fd=9 hParent=0x5c000002 hObj=0x5c0000a1 cls=0x40
UVM fd=10 nr=0x49 sz=0
UVM fd=10 nr=0x21 sz=0
RM_ALLOC fd=9 hParent=0x5c000002 hObj=0x5c0000a3 cls=0x40
UVM fd=10 nr=0x49 sz=0
UVM fd=10 nr=0x21 sz=0
RM_ALLOC fd=9 hParent=0x5c000002 hObj=0x5c0000a5 cls=0x40
UVM fd=10 nr=0x49 sz=0
UVM fd=10 nr=0x21 sz=0
RM_ALLOC fd=9 hParent=0x5c000002 hObj=0x5c0000a7 cls=0x40
UVM fd=10 nr=0x49 sz=0
UVM fd=10 nr=0x21 sz=0
RM_ALLOC fd=9 hParent=0x5c000002 hObj=0x5c0000a9 cls=0x40
UVM fd=10 nr=0x49 sz=0
UVM fd=10 nr=0x21 sz=0
RM_ALLOC fd=9 hParent=0x5c000002 hObj=0x5c0000ab cls=0x40
UVM fd=10 nr=0x49 sz=0
UVM fd=10 nr=0x21 sz=0
RM_ALLOC fd=9 hParent=0x5c000002 hObj=0x5c0000ad cls=0x40
UVM fd=10 nr=0x49 sz=0
UVM fd=10 nr=0x21 sz=0
RM_ALLOC fd=9 hParent=0x5c000002 hObj=0x5c0000af cls=0x40
UVM fd=10 nr=0x49 sz=0
UVM fd=10 nr=0x21 sz=0
RM_ALLOC fd=9 hParent=0x5c000002 hObj=0x5c0000b1 cls=0x40
UVM fd=10 nr=0x49 sz=0
UVM fd=10 nr=0x21 sz=0
RM_ALLOC fd=9 hParent=0x5c000002 hObj=0x5c0000b3 cls=0x40
UVM fd=10 nr=0x49 sz=0
UVM fd=10 nr=0x21 sz=0
RM_ALLOC fd=9 hParent=0x5c000002 hObj=0x5c0000b5 cls=0x40
UVM fd=10 nr=0x49 sz=0
UVM fd=10 nr=0x21 sz=0
RM_ALLOC fd=9 hParent=0x5c000002 hObj=0x5c0000b7 cls=0x40
UVM fd=10 nr=0x49 sz=0
UVM fd=10 nr=0x21 sz=0
RM_ALLOC fd=9 hParent=0x5c000002 hObj=0x5c0000b9 cls=0x40
UVM fd=10 nr=0x49 sz=0
UVM fd=10 nr=0x21 sz=0
RM_ALLOC fd=9 hParent=0x5c000002 hObj=0x5c0000bb cls=0x40
UVM fd=10 nr=0x49 sz=0
UVM fd=10 nr=0x21 sz=0
RM_ALLOC fd=9 hParent=0x5c000002 hObj=0x5c0000bd cls=0x40
UVM fd=10 nr=0x49 sz=0
UVM fd=10 nr=0x21 sz=0
RM_ALLOC fd=9 hParent=0x5c000002 hObj=0x5c0000bf cls=0x40
UVM fd=10 nr=0x49 sz=0
UVM fd=10 nr=0x21 sz=0
RM_CONTROL fd=9 hObject=0x5c000003 cmd=0x20800110 sz=132 st=0x0
RM_CONTROL fd=9 hObject=0x5c000003 cmd=0x20802209 sz=4 st=0x0
RM_CONTROL fd=9 hObject=0x5c000003 cmd=0x20809009 sz=8 st=0x0
RM_CONTROL fd=9 hObject=0x5c000003 cmd=0x20809064 sz=520 st=0x0
RM_CONTROL fd=9 hObject=0x5c000003 cmd=0x20809001 sz=8 st=0x0
RM_CONTROL fd=9 hObject=0x5c000003 cmd=0x2080a084 sz=4 st=0x0
RM_CONTROL fd=9 hObject=0x5c000003 cmd=0x2080a026 sz=532 st=0x0
RM_CONTROL fd=9 hObject=0x5c000003 cmd=0x20809009 sz=8 st=0x0
RM_CONTROL fd=9 hObject=0x5c000003 cmd=0x20809064 sz=520 st=0x0
RM_CONTROL fd=9 hObject=0x5c000003 cmd=0x20809001 sz=8 st=0x0
RM_CONTROL fd=9 hObject=0x5c000003 cmd=0x2080a084 sz=4 st=0x0
RM_CONTROL fd=9 hObject=0x5c000003 cmd=0x2080a026 sz=532 st=0x0
RM_ALLOC fd=9 hParent=0x5c000002 hObj=0x5c0000c1 cls=0x40
UVM fd=10 nr=0x49 sz=0
UVM fd=10 nr=0x21 sz=0
RM_ALLOC fd=9 hParent=0x5c000002 hObj=0x5c0000c3 cls=0x40
UVM fd=10 nr=0x49 sz=0
UVM fd=10 nr=0x21 sz=0
RM_ALLOC fd=9 hParent=0x5c000002 hObj=0x5c0000c5 cls=0x40
UVM fd=10 nr=0x49 sz=0
UVM fd=10 nr=0x21 sz=0
RM_ALLOC fd=9 hParent=0x5c000002 hObj=0x5c0000c7 cls=0x40
UVM fd=10 nr=0x49 sz=0
UVM fd=10 nr=0x21 sz=0
RM_ALLOC fd=9 hParent=0x5c000002 hObj=0x5c0000c9 cls=0x40
UVM fd=10 nr=0x49 sz=0
UVM fd=10 nr=0x21 sz=0
RM_ALLOC fd=9 hParent=0x5c000002 hObj=0x5c0000cb cls=0x40
UVM fd=10 nr=0x49 sz=0
UVM fd=10 nr=0x21 sz=0
RM_ALLOC fd=9 hParent=0x5c000002 hObj=0x5c0000cd cls=0x40
UVM fd=10 nr=0x49 sz=0
UVM fd=10 nr=0x21 sz=0
RM_ALLOC fd=9 hParent=0x5c000002 hObj=0x5c0000cf cls=0x40
UVM fd=10 nr=0x49 sz=0
UVM fd=10 nr=0x21 sz=0
RM_ALLOC fd=9 hParent=0x5c000002 hObj=0x5c0000d1 cls=0x40
UVM fd=10 nr=0x49 sz=0
UVM fd=10 nr=0x21 sz=0
RM_ALLOC fd=9 hParent=0x5c000002 hObj=0x5c0000d3 cls=0x40
UVM fd=10 nr=0x49 sz=0
UVM fd=10 nr=0x21 sz=0
RM_ALLOC fd=9 hParent=0x5c000002 hObj=0x5c0000d5 cls=0x40
UVM fd=10 nr=0x49 sz=0
UVM fd=10 nr=0x21 sz=0
RM_ALLOC fd=9 hParent=0x5c000002 hObj=0x5c0000d7 cls=0x40
UVM fd=10 nr=0x49 sz=0
UVM fd=10 nr=0x21 sz=0
RM_ALLOC fd=9 hParent=0x5c000002 hObj=0x5c0000d9 cls=0x40
UVM fd=10 nr=0x49 sz=0
UVM fd=10 nr=0x21 sz=0
RM_ALLOC fd=9 hParent=0x5c000002 hObj=0x5c0000db cls=0x40
UVM fd=10 nr=0x49 sz=0
UVM fd=10 nr=0x21 sz=0
RM_ALLOC fd=9 hParent=0x5c000002 hObj=0x5c0000dd cls=0x40
UVM fd=10 nr=0x49 sz=0
UVM fd=10 nr=0x21 sz=0
RM_ALLOC fd=9 hParent=0x5c000002 hObj=0x5c0000df cls=0x40
UVM fd=10 nr=0x49 sz=0
UVM fd=10 nr=0x21 sz=0
RM_ALLOC fd=9 hParent=0x5c000002 hObj=0x5c0000e1 cls=0x40
UVM fd=10 nr=0x49 sz=0
UVM fd=10 nr=0x21 sz=0
RM_ALLOC fd=9 hParent=0x5c000002 hObj=0x5c0000e3 cls=0x40
UVM fd=10 nr=0x49 sz=0
UVM fd=10 nr=0x21 sz=0
RM_ALLOC fd=9 hParent=0x5c000002 hObj=0x5c0000e5 cls=0x40
UVM fd=10 nr=0x49 sz=0
UVM fd=10 nr=0x21 sz=0
RM_ALLOC fd=9 hParent=0x5c000002 hObj=0x5c0000e7 cls=0x40
UVM fd=10 nr=0x49 sz=0
UVM fd=10 nr=0x21 sz=0
RM_ALLOC fd=9 hParent=0x5c000002 hObj=0x5c0000e9 cls=0x40
UVM fd=10 nr=0x49 sz=0
UVM fd=10 nr=0x21 sz=0
RM_ALLOC fd=9 hParent=0x5c000002 hObj=0x5c0000eb cls=0x40
UVM fd=10 nr=0x49 sz=0
UVM fd=10 nr=0x21 sz=0
RM_ALLOC fd=9 hParent=0x5c000002 hObj=0x5c0000ed cls=0x40
UVM fd=10 nr=0x49 sz=0
UVM fd=10 nr=0x21 sz=0
RM_ALLOC fd=9 hParent=0x5c000002 hObj=0x5c0000ef cls=0x40
UVM fd=10 nr=0x49 sz=0
UVM fd=10 nr=0x21 sz=0
RM_ALLOC fd=9 hParent=0x5c000002 hObj=0x5c0000f1 cls=0x40
UVM fd=10 nr=0x49 sz=0
UVM fd=10 nr=0x21 sz=0
RM_ALLOC fd=9 hParent=0x5c000002 hObj=0x5c0000f3 cls=0x40
UVM fd=10 nr=0x49 sz=0
UVM fd=10 nr=0x21 sz=0
RM_ALLOC fd=9 hParent=0x5c000002 hObj=0x5c0000f5 cls=0x40
UVM fd=10 nr=0x49 sz=0
UVM fd=10 nr=0x21 sz=0
RM_ALLOC fd=9 hParent=0x5c000002 hObj=0x5c0000f7 cls=0x40
UVM fd=10 nr=0x49 sz=0
UVM fd=10 nr=0x21 sz=0
RM_ALLOC fd=9 hParent=0x5c000002 hObj=0x5c0000f9 cls=0x40
UVM fd=10 nr=0x49 sz=0
UVM fd=10 nr=0x21 sz=0
RM_ALLOC fd=9 hParent=0x5c000002 hObj=0x5c0000fb cls=0x40
UVM fd=10 nr=0x49 sz=0
UVM fd=10 nr=0x21 sz=0
RM_ALLOC fd=9 hParent=0x5c000002 hObj=0x5c0000fd cls=0x40
UVM fd=10 nr=0x49 sz=0
UVM fd=10 nr=0x21 sz=0
RM_ALLOC fd=9 hParent=0x5c000002 hObj=0x5c0000ff cls=0x40
UVM fd=10 nr=0x49 sz=0
UVM fd=10 nr=0x21 sz=0
RM_ALLOC fd=9 hParent=0x5c000002 hObj=0x5c000101 cls=0x40
UVM fd=10 nr=0x49 sz=0
UVM fd=10 nr=0x21 sz=0
RM_ALLOC fd=9 hParent=0x5c000002 hObj=0x5c000103 cls=0x40
UVM fd=10 nr=0x49 sz=0
UVM fd=10 nr=0x21 sz=0
RM_ALLOC fd=9 hParent=0x5c000002 hObj=0x5c000105 cls=0x40
UVM fd=10 nr=0x49 sz=0
UVM fd=10 nr=0x21 sz=0
RM_ALLOC fd=9 hParent=0x5c000002 hObj=0x5c000107 cls=0x40
UVM fd=10 nr=0x49 sz=0
UVM fd=10 nr=0x21 sz=0
RM_ALLOC fd=9 hParent=0x5c000002 hObj=0x5c000109 cls=0x40
UVM fd=10 nr=0x49 sz=0
UVM fd=10 nr=0x21 sz=0
RM_ALLOC fd=9 hParent=0x5c000002 hObj=0x5c00010b cls=0x40
UVM fd=10 nr=0x49 sz=0
UVM fd=10 nr=0x21 sz=0
RM_ALLOC fd=9 hParent=0x5c000002 hObj=0x5c00010d cls=0x40
UVM fd=10 nr=0x49 sz=0
UVM fd=10 nr=0x21 sz=0
RM_ALLOC fd=9 hParent=0x5c000002 hObj=0x5c00010f cls=0x40
UVM fd=10 nr=0x49 sz=0
UVM fd=10 nr=0x21 sz=0
RM_ALLOC fd=9 hParent=0x5c000002 hObj=0x5c000111 cls=0x40
UVM fd=10 nr=0x49 sz=0
UVM fd=10 nr=0x21 sz=0
RM_ALLOC fd=9 hParent=0x5c000002 hObj=0x5c000113 cls=0x40
UVM fd=10 nr=0x49 sz=0
UVM fd=10 nr=0x21 sz=0
RM_ALLOC fd=9 hParent=0x5c000002 hObj=0x5c000115 cls=0x40
UVM fd=10 nr=0x49 sz=0
UVM fd=10 nr=0x21 sz=0
RM_ALLOC fd=9 hParent=0x5c000002 hObj=0x5c000117 cls=0x40
UVM fd=10 nr=0x49 sz=0
UVM fd=10 nr=0x21 sz=0
RM_ALLOC fd=9 hParent=0x5c000002 hObj=0x5c000119 cls=0x40
UVM fd=10 nr=0x49 sz=0
UVM fd=10 nr=0x21 sz=0
RM_ALLOC fd=9 hParent=0x5c000002 hObj=0x5c00011b cls=0x40
UVM fd=10 nr=0x49 sz=0
UVM fd=10 nr=0x21 sz=0
RM_ALLOC fd=9 hParent=0x5c000002 hObj=0x5c00011d cls=0x40
UVM fd=10 nr=0x49 sz=0
UVM fd=10 nr=0x21 sz=0
RM_ALLOC fd=9 hParent=0x5c000002 hObj=0x5c00011f cls=0x40
UVM fd=10 nr=0x49 sz=0
UVM fd=10 nr=0x21 sz=0
RM_ALLOC fd=9 hParent=0x5c000002 hObj=0x5c000121 cls=0x40
UVM fd=10 nr=0x49 sz=0
UVM fd=10 nr=0x21 sz=0
RM_ALLOC fd=9 hParent=0x5c000002 hObj=0x5c000123 cls=0x40
UVM fd=10 nr=0x49 sz=0
UVM fd=10 nr=0x21 sz=0
RM_ALLOC fd=9 hParent=0x5c000002 hObj=0x5c000125 cls=0x40
UVM fd=10 nr=0x49 sz=0
UVM fd=10 nr=0x21 sz=0
RM_ALLOC fd=9 hParent=0x5c000002 hObj=0x5c000127 cls=0x40
UVM fd=10 nr=0x49 sz=0
UVM fd=10 nr=0x21 sz=0
RM_ALLOC fd=9 hParent=0x5c000002 hObj=0x5c000129 cls=0x40
UVM fd=10 nr=0x49 sz=0
UVM fd=10 nr=0x21 sz=0
RM_ALLOC fd=9 hParent=0x5c000002 hObj=0x5c00012b cls=0x40
UVM fd=10 nr=0x49 sz=0
UVM fd=10 nr=0x21 sz=0
RM_ALLOC fd=9 hParent=0x5c000002 hObj=0x5c00012d cls=0x40
UVM fd=10 nr=0x49 sz=0
UVM fd=10 nr=0x21 sz=0
RM_ALLOC fd=9 hParent=0x5c000002 hObj=0x5c00012f cls=0x40
UVM fd=10 nr=0x49 sz=0
UVM fd=10 nr=0x21 sz=0
RM_ALLOC fd=9 hParent=0x5c000002 hObj=0x5c000131 cls=0x40
UVM fd=10 nr=0x49 sz=0
UVM fd=10 nr=0x21 sz=0
RM_ALLOC fd=9 hParent=0x5c000002 hObj=0x5c000133 cls=0x40
UVM fd=10 nr=0x49 sz=0
UVM fd=10 nr=0x21 sz=0
RM_ALLOC fd=9 hParent=0x5c000002 hObj=0x5c000135 cls=0x40
UVM fd=10 nr=0x49 sz=0
UVM fd=10 nr=0x21 sz=0
RM_ALLOC fd=9 hParent=0x5c000002 hObj=0x5c000137 cls=0x40
UVM fd=10 nr=0x49 sz=0
UVM fd=10 nr=0x21 sz=0
RM_ALLOC fd=9 hParent=0x5c000002 hObj=0x5c000139 cls=0x40
UVM fd=10 nr=0x49 sz=0
UVM fd=10 nr=0x21 sz=0
RM_ALLOC fd=9 hParent=0x5c000002 hObj=0x5c00013b cls=0x40
UVM fd=10 nr=0x49 sz=0
UVM fd=10 nr=0x21 sz=0
RM_ALLOC fd=9 hParent=0x5c000002 hObj=0x5c00013d cls=0x40
UVM fd=10 nr=0x49 sz=0
UVM fd=10 nr=0x21 sz=0
RM_ALLOC fd=9 hParent=0x5c000002 hObj=0x5c00013f cls=0x40
UVM fd=10 nr=0x49 sz=0
UVM fd=10 nr=0x21 sz=0
RM_ALLOC fd=9 hParent=0x5c000002 hObj=0x5c000141 cls=0x40
UVM fd=10 nr=0x49 sz=0
UVM fd=10 nr=0x21 sz=0
RM_ALLOC fd=9 hParent=0x5c000002 hObj=0x5c000143 cls=0x40
UVM fd=10 nr=0x49 sz=0
UVM fd=10 nr=0x21 sz=0
RM_ALLOC fd=9 hParent=0x5c000002 hObj=0x5c000145 cls=0x40
UVM fd=10 nr=0x49 sz=0
UVM fd=10 nr=0x21 sz=0
RM_ALLOC fd=9 hParent=0x5c000002 hObj=0x5c000147 cls=0x40
UVM fd=10 nr=0x49 sz=0
UVM fd=10 nr=0x21 sz=0
RM_ALLOC fd=9 hParent=0x5c000002 hObj=0x5c000149 cls=0x40
UVM fd=10 nr=0x49 sz=0
UVM fd=10 nr=0x21 sz=0
RM_ALLOC fd=9 hParent=0x5c000002 hObj=0x5c00014b cls=0x40
UVM fd=10 nr=0x49 sz=0
UVM fd=10 nr=0x21 sz=0
RM_ALLOC fd=9 hParent=0x5c000002 hObj=0x5c00014d cls=0x40
UVM fd=10 nr=0x49 sz=0
UVM fd=10 nr=0x21 sz=0
RM_ALLOC fd=9 hParent=0x5c000002 hObj=0x5c00014f cls=0x40
UVM fd=10 nr=0x49 sz=0
UVM fd=10 nr=0x21 sz=0
RM_ALLOC fd=9 hParent=0x5c000002 hObj=0x5c000151 cls=0x40
UVM fd=10 nr=0x49 sz=0
UVM fd=10 nr=0x21 sz=0
RM_ALLOC fd=9 hParent=0x5c000002 hObj=0x5c000153 cls=0x40
UVM fd=10 nr=0x49 sz=0
UVM fd=10 nr=0x21 sz=0
RM_ALLOC fd=9 hParent=0x5c000002 hObj=0x5c000155 cls=0x40
UVM fd=10 nr=0x49 sz=0
UVM fd=10 nr=0x21 sz=0
RM_ALLOC fd=9 hParent=0x5c000002 hObj=0x5c000157 cls=0x40
UVM fd=10 nr=0x49 sz=0
UVM fd=10 nr=0x21 sz=0
RM_ALLOC fd=9 hParent=0x5c000002 hObj=0x5c000159 cls=0x40
UVM fd=10 nr=0x49 sz=0
UVM fd=10 nr=0x21 sz=0
RM_ALLOC fd=9 hParent=0x5c000002 hObj=0x5c00015b cls=0x40
UVM fd=10 nr=0x49 sz=0
UVM fd=10 nr=0x21 sz=0
RM_ALLOC fd=9 hParent=0x5c000002 hObj=0x5c00015d cls=0x40
UVM fd=10 nr=0x49 sz=0
UVM fd=10 nr=0x21 sz=0
RM_ALLOC fd=9 hParent=0x5c000002 hObj=0x5c00015f cls=0x40
UVM fd=10 nr=0x49 sz=0
UVM fd=10 nr=0x21 sz=0
RM_ALLOC fd=9 hParent=0x5c000002 hObj=0x5c000161 cls=0x40
UVM fd=10 nr=0x49 sz=0
UVM fd=10 nr=0x21 sz=0
RM_ALLOC fd=9 hParent=0x5c000002 hObj=0x5c000163 cls=0x40
UVM fd=10 nr=0x49 sz=0
UVM fd=10 nr=0x21 sz=0
RM_ALLOC fd=9 hParent=0x5c000002 hObj=0x5c000165 cls=0x40
UVM fd=10 nr=0x49 sz=0
UVM fd=10 nr=0x21 sz=0
RM_ALLOC fd=9 hParent=0x5c000002 hObj=0x5c000167 cls=0x40
UVM fd=10 nr=0x49 sz=0
UVM fd=10 nr=0x21 sz=0
RM_ALLOC fd=9 hParent=0x5c000002 hObj=0x5c000169 cls=0x40
UVM fd=10 nr=0x49 sz=0
UVM fd=10 nr=0x21 sz=0
RM_ALLOC fd=9 hParent=0x5c000002 hObj=0x5c00016b cls=0x40
UVM fd=10 nr=0x49 sz=0
UVM fd=10 nr=0x21 sz=0
RM_ALLOC fd=9 hParent=0x5c000002 hObj=0x5c00016d cls=0x40
UVM fd=10 nr=0x49 sz=0
UVM fd=10 nr=0x21 sz=0
RM_ALLOC fd=9 hParent=0x5c000002 hObj=0x5c00016f cls=0x40
UVM fd=10 nr=0x49 sz=0
UVM fd=10 nr=0x21 sz=0
RM_ALLOC fd=9 hParent=0x5c000002 hObj=0x5c000171 cls=0x40
UVM fd=10 nr=0x49 sz=0
UVM fd=10 nr=0x21 sz=0
RM_ALLOC fd=9 hParent=0x5c000002 hObj=0x5c000173 cls=0x40
UVM fd=10 nr=0x49 sz=0
UVM fd=10 nr=0x21 sz=0
RM_ALLOC fd=9 hParent=0x5c000002 hObj=0x5c000175 cls=0x40
UVM fd=10 nr=0x49 sz=0
UVM fd=10 nr=0x21 sz=0
RM_ALLOC fd=9 hParent=0x5c000002 hObj=0x5c000177 cls=0x40
UVM fd=10 nr=0x49 sz=0
UVM fd=10 nr=0x21 sz=0
RM_ALLOC fd=9 hParent=0x5c000002 hObj=0x5c000179 cls=0x40
UVM fd=10 nr=0x49 sz=0
UVM fd=10 nr=0x21 sz=0
RM_ALLOC fd=9 hParent=0x5c000002 hObj=0x5c00017b cls=0x40
UVM fd=10 nr=0x49 sz=0
UVM fd=10 nr=0x21 sz=0
RM_ALLOC fd=9 hParent=0x5c000002 hObj=0x5c00017d cls=0x40
UVM fd=10 nr=0x49 sz=0
UVM fd=10 nr=0x21 sz=0
RM_ALLOC fd=9 hParent=0x5c000002 hObj=0x5c00017f cls=0x40
UVM fd=10 nr=0x49 sz=0
UVM fd=10 nr=0x21 sz=0
RM_ALLOC fd=9 hParent=0x5c000002 hObj=0x5c000181 cls=0x40
UVM fd=10 nr=0x49 sz=0
UVM fd=10 nr=0x21 sz=0
RM_ALLOC fd=9 hParent=0x5c000002 hObj=0x5c000183 cls=0x40
UVM fd=10 nr=0x49 sz=0
UVM fd=10 nr=0x21 sz=0
RM_ALLOC fd=9 hParent=0x5c000002 hObj=0x5c000185 cls=0x40
UVM fd=10 nr=0x49 sz=0
UVM fd=10 nr=0x21 sz=0
RM_ALLOC fd=9 hParent=0x5c000002 hObj=0x5c000187 cls=0x40
UVM fd=10 nr=0x49 sz=0
UVM fd=10 nr=0x21 sz=0
RM_ALLOC fd=9 hParent=0x5c000002 hObj=0x5c000189 cls=0x40
UVM fd=10 nr=0x49 sz=0
UVM fd=10 nr=0x21 sz=0
RM_ALLOC fd=9 hParent=0x5c000002 hObj=0x5c00018b cls=0x40
UVM fd=10 nr=0x49 sz=0
UVM fd=10 nr=0x21 sz=0
RM_ALLOC fd=9 hParent=0x5c000002 hObj=0x5c00018d cls=0x40
UVM fd=10 nr=0x49 sz=0
UVM fd=10 nr=0x21 sz=0
RM_ALLOC fd=9 hParent=0x5c000002 hObj=0x5c00018f cls=0x40
UVM fd=10 nr=0x49 sz=0
UVM fd=10 nr=0x21 sz=0
RM_ALLOC fd=9 hParent=0x5c000002 hObj=0x5c000191 cls=0x40
UVM fd=10 nr=0x49 sz=0
UVM fd=10 nr=0x21 sz=0
RM_ALLOC fd=9 hParent=0x5c000002 hObj=0x5c000193 cls=0x40
UVM fd=10 nr=0x49 sz=0
UVM fd=10 nr=0x21 sz=0
RM_ALLOC fd=9 hParent=0x5c000002 hObj=0x5c000195 cls=0x40
UVM fd=10 nr=0x49 sz=0
UVM fd=10 nr=0x21 sz=0
RM_ALLOC fd=9 hParent=0x5c000002 hObj=0x5c000197 cls=0x40
UVM fd=10 nr=0x49 sz=0
UVM fd=10 nr=0x21 sz=0
RM_ALLOC fd=9 hParent=0x5c000002 hObj=0x5c000199 cls=0x40
UVM fd=10 nr=0x49 sz=0
UVM fd=10 nr=0x21 sz=0
RM_ALLOC fd=9 hParent=0x5c000002 hObj=0x5c00019b cls=0x40
UVM fd=10 nr=0x49 sz=0
UVM fd=10 nr=0x21 sz=0
RM_ALLOC fd=9 hParent=0x5c000002 hObj=0x5c00019d cls=0x40
UVM fd=10 nr=0x49 sz=0
UVM fd=10 nr=0x21 sz=0
RM_ALLOC fd=9 hParent=0x5c000002 hObj=0x5c00019f cls=0x40
UVM fd=10 nr=0x49 sz=0
UVM fd=10 nr=0x21 sz=0
RM_ALLOC fd=9 hParent=0x5c000002 hObj=0x5c0001a1 cls=0x40
UVM fd=10 nr=0x49 sz=0
UVM fd=10 nr=0x21 sz=0
RM_ALLOC fd=9 hParent=0x5c000002 hObj=0x5c0001a3 cls=0x40
UVM fd=10 nr=0x49 sz=0
UVM fd=10 nr=0x21 sz=0
RM_ALLOC fd=9 hParent=0x5c000002 hObj=0x5c0001a5 cls=0x40
UVM fd=10 nr=0x49 sz=0
UVM fd=10 nr=0x21 sz=0
RM_ALLOC fd=9 hParent=0x5c000002 hObj=0x5c0001a7 cls=0x40
UVM fd=10 nr=0x49 sz=0
UVM fd=10 nr=0x21 sz=0
RM_ALLOC fd=9 hParent=0x5c000002 hObj=0x5c0001a9 cls=0x40
UVM fd=10 nr=0x49 sz=0
UVM fd=10 nr=0x21 sz=0
RM_ALLOC fd=9 hParent=0x5c000002 hObj=0x5c0001ab cls=0x40
UVM fd=10 nr=0x49 sz=0
UVM fd=10 nr=0x21 sz=0
RM_ALLOC fd=9 hParent=0x5c000002 hObj=0x5c0001ad cls=0x40
UVM fd=10 nr=0x49 sz=0
UVM fd=10 nr=0x21 sz=0
RM_ALLOC fd=9 hParent=0x5c000002 hObj=0x5c0001af cls=0x40
UVM fd=10 nr=0x49 sz=0
UVM fd=10 nr=0x21 sz=0
RM_ALLOC fd=9 hParent=0x5c000002 hObj=0x5c0001b1 cls=0x40
UVM fd=10 nr=0x49 sz=0
UVM fd=10 nr=0x21 sz=0
RM_ALLOC fd=9 hParent=0x5c000002 hObj=0x5c0001b3 cls=0x40
UVM fd=10 nr=0x49 sz=0
UVM fd=10 nr=0x21 sz=0
RM_ALLOC fd=9 hParent=0x5c000002 hObj=0x5c0001b5 cls=0x40
UVM fd=10 nr=0x49 sz=0
UVM fd=10 nr=0x21 sz=0
RM_ALLOC fd=9 hParent=0x5c000002 hObj=0x5c0001b7 cls=0x40
UVM fd=10 nr=0x49 sz=0
UVM fd=10 nr=0x21 sz=0
RM_ALLOC fd=9 hParent=0x5c000002 hObj=0x5c0001b9 cls=0x40
UVM fd=10 nr=0x49 sz=0
UVM fd=10 nr=0x21 sz=0
RM_ALLOC fd=9 hParent=0x5c000002 hObj=0x5c0001bb cls=0x40
UVM fd=10 nr=0x49 sz=0
UVM fd=10 nr=0x21 sz=0
RM_ALLOC fd=9 hParent=0x5c000002 hObj=0x5c0001bd cls=0x40
UVM fd=10 nr=0x49 sz=0
UVM fd=10 nr=0x21 sz=0
##PHASE 105
##PHASE 6
RM_CONTROL fd=9 hObject=0x5c000003 cmd=0x20800110 sz=132 st=0x0
RM_CONTROL fd=9 hObject=0x5c000003 cmd=0x20802209 sz=4 st=0x0
RM_CONTROL fd=9 hObject=0x5c000003 cmd=0x20809009 sz=8 st=0x0
RM_CONTROL fd=9 hObject=0x5c000003 cmd=0x20809064 sz=520 st=0x0
RM_CONTROL fd=9 hObject=0x5c000003 cmd=0x20809001 sz=8 st=0x0
RM_CONTROL fd=9 hObject=0x5c000003 cmd=0x2080a084 sz=4 st=0x0
RM_CONTROL fd=9 hObject=0x5c000003 cmd=0x2080a026 sz=532 st=0x0
RM_CONTROL fd=9 hObject=0x5c000003 cmd=0x20809009 sz=8 st=0x0
RM_CONTROL fd=9 hObject=0x5c000003 cmd=0x20809064 sz=520 st=0x0
RM_CONTROL fd=9 hObject=0x5c000003 cmd=0x20809001 sz=8 st=0x0
RM_CONTROL fd=9 hObject=0x5c000003 cmd=0x2080a084 sz=4 st=0x0
RM_CONTROL fd=9 hObject=0x5c000003 cmd=0x2080a026 sz=532 st=0x0
##PHASE 106
##PHASE 7
##PHASE 107
