[359328.869238] NVRM: kfifoGetHostDeviceInfoTable_KERNEL: NVKVM_CAP DEVINFO base=0 num=11 bMore=0
[359328.869244] NVRM: kfifoGetHostDeviceInfoTable_KERNEL: NVKVM_CAP e0 d0 d334df00 00000000 00000001 00000000
[359328.869248] NVRM: kfifoGetHostDeviceInfoTable_KERNEL: NVKVM_CAP e0 d4 00000040 00000033 0000000c 00000000
[359328.869251] NVRM: kfifoGetHostDeviceInfoTable_KERNEL: NVKVM_CAP e0 d8 00000054 00000000 00000000 00c00000
[359328.869254] NVRM: kfifoGetHostDeviceInfoTable_KERNEL: NVKVM_CAP e0 d12 00000001 00000000 00c20000 00000000
[359328.869257] NVRM: kfifoGetHostDeviceInfoTable_KERNEL: NVKVM_CAP e0 pbdma 0,1 fault 32,33 np 2 name GR0
[359328.869260] NVRM: kfifoGetHostDeviceInfoTable_KERNEL: NVKVM_CAP e1 d0 28c40800 00000007 00000031 00000005
[359328.869263] NVRM: kfifoGetHostDeviceInfoTable_KERNEL: NVKVM_CAP e1 d4 0000000e 00000002 00000001 82300605
[359328.869265] NVRM: kfifoGetHostDeviceInfoTable_KERNEL: NVKVM_CAP e1 d8 0000002f 0000000d 00000000 00c02000
[359328.869268] NVRM: kfifoGetHostDeviceInfoTable_KERNEL: NVKVM_CAP e1 d12 00000001 00000000 00c30000 00000000
[359328.869271] NVRM: kfifoGetHostDeviceInfoTable_KERNEL: NVKVM_CAP e1 pbdma 2,1 fault 38,33 np 1 name SEC2
[359328.869274] NVRM: kfifoGetHostDeviceInfoTable_KERNEL: NVKVM_CAP e2 d0 e97b6c00 00000008 00000025 00000006
[359328.869276] NVRM: kfifoGetHostDeviceInfoTable_KERNEL: NVKVM_CAP e2 d4 0000000b 0000000b 00000012 77f2058f
[359328.869279] NVRM: kfifoGetHostDeviceInfoTable_KERNEL: NVKVM_CAP e2 d8 00000026 0000000e 00000000 00c01800
[359328.869282] NVRM: kfifoGetHostDeviceInfoTable_KERNEL: NVKVM_CAP e2 d12 00000001 00000000 00c2c000 00000000
[359328.869285] NVRM: kfifoGetHostDeviceInfoTable_KERNEL: NVKVM_CAP e2 pbdma 3,1 fault 39,33 np 1 name NVENC0
[359328.869287] NVRM: kfifoGetHostDeviceInfoTable_KERNEL: NVKVM_CAP e3 d0 8f99e100 00000005 0000001d 00000003
[359328.869290] NVRM: kfifoGetHostDeviceInfoTable_KERNEL: NVKVM_CAP e3 d4 00000019 0000000f 0000000f 018e0000
[359328.869293] NVRM: kfifoGetHostDeviceInfoTable_KERNEL: NVKVM_CAP e3 d8 00000041 00000010 00000000 00c01000
[359328.869296] NVRM: kfifoGetHostDeviceInfoTable_KERNEL: NVKVM_CAP e3 d12 00000001 00000000 00c28000 00000000
[359328.869298] NVRM: kfifoGetHostDeviceInfoTable_KERNEL: NVKVM_CAP e3 pbdma 4,1 fault 36,33 np 1 name NVDEC0
[359328.869301] NVRM: kfifoGetHostDeviceInfoTable_KERNEL: NVKVM_CAP e4 d0 793ceb00 00000001 00000009 00000000
[359328.869303] NVRM: kfifoGetHostDeviceInfoTable_KERNEL: NVKVM_CAP e4 d4 0000000f 00000017 00000002 00000000
[359328.869306] NVRM: kfifoGetHostDeviceInfoTable_KERNEL: NVKVM_CAP e4 d8 0000000f 00000013 00000000 00c00000
[359328.869309] NVRM: kfifoGetHostDeviceInfoTable_KERNEL: NVKVM_CAP e4 d12 00000001 00000001 00c20000 00000000
[359328.869312] NVRM: kfifoGetHostDeviceInfoTable_KERNEL: NVKVM_CAP e4 pbdma 0,1 fault 32,33 np 1 name CE0
[359328.869315] NVRM: kfifoGetHostDeviceInfoTable_KERNEL: NVKVM_CAP e5 d0 793ceb01 00000002 0000000a 00000000
[359328.869318] NVRM: kfifoGetHostDeviceInfoTable_KERNEL: NVKVM_CAP e5 d4 00000010 00000018 00000003 82300100
[359328.869321] NVRM: kfifoGetHostDeviceInfoTable_KERNEL: NVKVM_CAP e5 d8 00000010 00000013 00000001 00c00000
[359328.869323] NVRM: kfifoGetHostDeviceInfoTable_KERNEL: NVKVM_CAP e5 d12 00000001 00000002 00c20000 00000000
[359328.869326] NVRM: kfifoGetHostDeviceInfoTable_KERNEL: NVKVM_CAP e5 pbdma 1,1 fault 32,33 np 1 name CE1
[359328.869329] NVRM: kfifoGetHostDeviceInfoTable_KERNEL: NVKVM_CAP e6 d0 793ceb02 00000003 0000000b 00000001
[359328.869332] NVRM: kfifoGetHostDeviceInfoTable_KERNEL: NVKVM_CAP e6 d4 00000011 00000019 00000004 77f2058f
[359328.869335] NVRM: kfifoGetHostDeviceInfoTable_KERNEL: NVKVM_CAP e6 d8 00000011 00000013 00000002 00c00400
[359328.869337] NVRM: kfifoGetHostDeviceInfoTable_KERNEL: NVKVM_CAP e6 d12 00000001 00000000 00c22000 00000000
[359328.869340] NVRM: kfifoGetHostDeviceInfoTable_KERNEL: NVKVM_CAP e6 pbdma 5,1 fault 34,33 np 1 name CE2
[359328.869343] NVRM: kfifoGetHostDeviceInfoTable_KERNEL: NVKVM_CAP e7 d0 793ceb03 00000004 0000000c 00000002
[359328.869346] NVRM: kfifoGetHostDeviceInfoTable_KERNEL: NVKVM_CAP e7 d4 00000012 0000001a 00000005 018e0102
[359328.869348] NVRM: kfifoGetHostDeviceInfoTable_KERNEL: NVKVM_CAP e7 d8 00000012 00000013 00000003 00c00800
[359328.869351] NVRM: kfifoGetHostDeviceInfoTable_KERNEL: NVKVM_CAP e7 d12 00000001 00000000 00c24000 00000000
[359328.869354] NVRM: kfifoGetHostDeviceInfoTable_KERNEL: NVKVM_CAP e7 pbdma 6,1 fault 35,33 np 1 name CE3
[359328.869356] NVRM: kfifoGetHostDeviceInfoTable_KERNEL: NVKVM_CAP e8 d0 793ceb04 0000000a 0000000d 00000008
[359328.869359] NVRM: kfifoGetHostDeviceInfoTable_KERNEL: NVKVM_CAP e8 d4 00000013 0000001b 00000006 00000000
[359328.869362] NVRM: kfifoGetHostDeviceInfoTable_KERNEL: NVKVM_CAP e8 d8 00000013 00000013 00000004 00c00c00
[359328.869364] NVRM: kfifoGetHostDeviceInfoTable_KERNEL: NVKVM_CAP e8 d12 00000001 00000000 00c26000 00000000
[359328.869367] NVRM: kfifoGetHostDeviceInfoTable_KERNEL: NVKVM_CAP e8 pbdma 7,1 fault 41,33 np 1 name CE4
[359328.869370] NVRM: kfifoGetHostDeviceInfoTable_KERNEL: NVKVM_CAP e9 d0 dd7bab00 00000009 0000003e 00000007
[359328.869372] NVRM: kfifoGetHostDeviceInfoTable_KERNEL: NVKVM_CAP e9 d4 0000000a 0000003b 00000011 82300810
[359328.869375] NVRM: kfifoGetHostDeviceInfoTable_KERNEL: NVKVM_CAP e9 d8 00000051 00000016 00000000 00c01c00
[359328.869378] NVRM: kfifoGetHostDeviceInfoTable_KERNEL: NVKVM_CAP e9 d12 00000001 00000000 00c2e000 00000000
[359328.869380] NVRM: kfifoGetHostDeviceInfoTable_KERNEL: NVKVM_CAP e9 pbdma 8,1 fault 40,33 np 1 name OFA
[359328.869383] NVRM: kfifoGetHostDeviceInfoTable_KERNEL: NVKVM_CAP e10 d0 95a6f500 ffffffff 0000002d 00000007
[359328.869386] NVRM: kfifoGetHostDeviceInfoTable_KERNEL: NVKVM_CAP e10 d4 ffffffff 00000000 82300810 77f2058f
[359328.869389] NVRM: kfifoGetHostDeviceInfoTable_KERNEL: NVKVM_CAP e10 d8 018e000f 00000000 82300100 77f2058f
[359328.869391] NVRM: kfifoGetHostDeviceInfoTable_KERNEL: NVKVM_CAP e10 d12 00000000 00000000 82300710 00000000
[359328.869394] NVRM: kfifoGetHostDeviceInfoTable_KERNEL: NVKVM_CAP e10 pbdma 8,1 fault 2184184064,2012349839 np 1 name SOFTWARE
